Microchip MPLAB XC8 Compiler V2.10 ()

Linker command line:

-W-3 --edf=/opt/microchip/xc8/v2.10/pic/dat/en_msgs.txt -cs \
  -h+dist/default/production/Senso_de_Temperatura.X.production.sym \
  --cmf=dist/default/production/Senso_de_Temperatura.X.production.cmf -z \
  -Q18F4550 -o/tmp/xcXLCGvox --defsym=__MPLAB_BUILD=1 \
  -Mdist/default/production/Senso_de_Temperatura.X.production.map -E1 \
  -ver=XC8 --acfsm=1493 -ASTACK=0250h-07FFh -pstack=STACK -ACODE=00h-07FFFh \
  -ACONST=00h-07FFFh -ASMALLCONST=0800h-08FFhx120 \
  -AMEDIUMCONST=0800h-07FFFh -ACOMRAM=01h-05Fh -AABS1=00h-07FFh \
  -ABIGRAM=01h-07FFh -ARAM=060h-0FFh,0100h-01FFhx7 -ABANK0=060h-0FFh \
  -ABANK1=0100h-01FFh -ABANK2=0200h-02FFh -ABANK3=0300h-03FFh \
  -ABANK4=0400h-04FFh -ABANK5=0500h-05FFh -ABANK6=0600h-06FFh \
  -ABANK7=0700h-07FFh -ASFR=0F60h-0FFFh \
  -preset_vec=00h,intcode,intcodelo,powerup,init -pramtop=0800h \
  -psmallconst=SMALLCONST -pmediumconst=MEDIUMCONST -pconst=CONST \
  -AFARRAM=00h-00h -ACONFIG=0300000h-030000Dh -pconfig=CONFIG \
  -AIDLOC=0200000h-0200007h -pidloc=IDLOC -AEEDATA=0F00000h-0F000FFh \
  -peeprom_data=EEDATA \
  -prdata=COMRAM,nvrram=COMRAM,nvbit=COMRAM,rbss=COMRAM,rbit=COMRAM \
  -pfarbss=FARRAM,fardata=FARRAM,nvFARRAM=FARRAM \
  -pintsave_regs=BIGRAM,bigbss=BIGRAM,bigdata=BIGRAM -pbss=RAM \
  -pidata=CODE,irdata=CODE,ibigdata=CODE,ifardata=CODE -prparam=COMRAM \
  /tmp/xcXq1jCc1.o \
  dist/default/production/Senso_de_Temperatura.X.production.o 

Object code version is 3.11

Machine type is 18F4550

Call graph: (short form)




                Name                               Link     Load   Length Selector   Space Scale
/tmp/xcXq1jCc1.o
                init                                  0        0        4        0       0
                idloc                            200000   200000        8   200000       0
                config                           300000   300000        E   300000       0
dist/default/production/Senso_de_Temperatura.X.production.o
                smallconst                          800      800       B0      400       0
                text62                             5E78     5E78       5C      458       0
                text61                             627C     627C       20      458       0
                text60                             5A7E     5A7E       72      458       0
                text59                             4F6C     4F6C      10C      458       0
                text58                             5B60     5B60       70      458       0
                text57                             62B6     62B6       16     315B       0
                text56                             61DE     61DE       30      458       0
                text55                             62E0     62E0       10     315B       0
                text54                             5456     5456       D4      458       0
                text53                             2BD4     2BD4      4C0      458       0
                text52                             5FC6     5FC6       46      458       0
                text51                             5078     5078      106      458       0
                text50                             395A     395A      39A      458       0
                text49                             582E     582E       AA      458       0
                text48                             517E     517E      104      458       0
                text47                             3530     3530      42A      458       0
                text46                             6170     6170       38      458       0
                text45                             5BD0     5BD0       6A      458       0
                text44                             6234     6234       26      458       0
                text43                             44CA     44CA      1B4      458       0
                text42                             6138     6138       38      458       0
                text41                             5F26     5F26       52      458       0
                text40                             5AF0     5AF0       70      458       0
                text39                             625A     625A       22      458       0
                text38                             6100     6100       38      458       0
                text37                             5D62     5D62       5E      458       0
                text36                              8B0      8B0     1156      458       0
                text35                             620E     620E       26      458       0
                text34                             4E0E     4E0E      15E      458       0
                text33                             467E     467E      190      458       0
                text32                             62FE     62FE        2     315B       0
                text31                             552A     552A       CA      458       0
                text30                             600C     600C       44      458       0
                text29                             61A8     61A8       36      458       0
                text28                             55F4     55F4       C6      458       0
                text27                             5E1C     5E1C       5C      458       0
                text26                             499C     499C      188      458       0
                text25                             4CAA     4CAA      164      458       0
                text24                             6050     6050       40      458       0
                text23                             3CF4     3CF4      2E4      458       0
                text22                             56BA     56BA       C4      458       0
                text21                             577E     577E       B0      458       0
                text20                             5282     5282       FE      458       0
                text19                             42B8     42B8      212      458       0
                text18                             5DC0     5DC0       5C      458       0
                text17                             60C8     60C8       38      458       0
                text16                             5D02     5D02       60      458       0
                text15                             1A06     1A06      BB0      458       0
                text14                             4B24     4B24      186      458       0
                text13                             5380     5380       D6      458       0
                text12                             25B6     25B6      61E      458       0
                text11                             5CA0     5CA0       62      458       0
                text10                             5ED4     5ED4       52      458       0
                text9                              3FD8     3FD8      2E0      458       0
                text8                              58D8     58D8       A0      458       0
                text7                              62CC     62CC       14     315B       0
                text6                              480E     480E      18E      458       0
                text5                              62F0     62F0        E     315B       0
                text4                              5C3A     5C3A       66      458       0
                text3                              6090     6090       38      458       0
                text2                              5A00     5A00       7E      458       0
                text1                              5978     5978       88      458       0
                text0                              3094     3094      49C      458       0
                cstackCOMRAM                          1        1       5E        1       1
                cstackBANK0                          60       60       92       60       1
                cstackBANK1                         100      100       DA      100       1
                bssBANK2                            200      200       50      200       1
                dataBANK1                           1DA      1DA       19      100       1
                bssBANK1                            1F3      1F3        5      100       1
                bssBANK0                             F2       F2        C       60       1
                cinit                              5F78     5F78       4E      458       0
                idataBANK1                         629C     629C       19      458       0

TOTAL           Name                               Link     Load   Length     Space
        CLASS   STACK          

        CLASS   CODE           
                init                                  0        0        4         0
                text62                             5E78     5E78       5C         0
                text61                             627C     627C       20         0
                text60                             5A7E     5A7E       72         0
                text59                             4F6C     4F6C      10C         0
                text58                             5B60     5B60       70         0
                text57                             62B6     62B6       16         0
                text56                             61DE     61DE       30         0
                text55                             62E0     62E0       10         0
                text54                             5456     5456       D4         0
                text53                             2BD4     2BD4      4C0         0
                text52                             5FC6     5FC6       46         0
                text51                             5078     5078      106         0
                text50                             395A     395A      39A         0
                text49                             582E     582E       AA         0
                text48                             517E     517E      104         0
                text47                             3530     3530      42A         0
                text46                             6170     6170       38         0
                text45                             5BD0     5BD0       6A         0
                text44                             6234     6234       26         0
                text43                             44CA     44CA      1B4         0
                text42                             6138     6138       38         0
                text41                             5F26     5F26       52         0
                text40                             5AF0     5AF0       70         0
                text39                             625A     625A       22         0
                text38                             6100     6100       38         0
                text37                             5D62     5D62       5E         0
                text36                              8B0      8B0     1156         0
                text35                             620E     620E       26         0
                text34                             4E0E     4E0E      15E         0
                text33                             467E     467E      190         0
                text32                             62FE     62FE        2         0
                text31                             552A     552A       CA         0
                text30                             600C     600C       44         0
                text29                             61A8     61A8       36         0
                text28                             55F4     55F4       C6         0
                text27                             5E1C     5E1C       5C         0
                text26                             499C     499C      188         0
                text25                             4CAA     4CAA      164         0
                text24                             6050     6050       40         0
                text23                             3CF4     3CF4      2E4         0
                text22                             56BA     56BA       C4         0
                text21                             577E     577E       B0         0
                text20                             5282     5282       FE         0
                text19                             42B8     42B8      212         0
                text18                             5DC0     5DC0       5C         0
                text17                             60C8     60C8       38         0
                text16                             5D02     5D02       60         0
                text15                             1A06     1A06      BB0         0
                text14                             4B24     4B24      186         0
                text13                             5380     5380       D6         0
                text12                             25B6     25B6      61E         0
                text11                             5CA0     5CA0       62         0
                text10                             5ED4     5ED4       52         0
                text9                              3FD8     3FD8      2E0         0
                text8                              58D8     58D8       A0         0
                text7                              62CC     62CC       14         0
                text6                              480E     480E      18E         0
                text5                              62F0     62F0        E         0
                text4                              5C3A     5C3A       66         0
                text3                              6090     6090       38         0
                text2                              5A00     5A00       7E         0
                text1                              5978     5978       88         0
                text0                              3094     3094      49C         0
                cinit                              5F78     5F78       4E         0
                idataBANK1                         629C     629C       19         0

        CLASS   CONST          

        CLASS   SMALLCONST     
                smallconst                          800      800       B0         0

        CLASS   MEDIUMCONST    

        CLASS   COMRAM         
                cstackCOMRAM                          1        1       5E         1

        CLASS   ABS1           

        CLASS   BIGRAM         

        CLASS   RAM            

        CLASS   BANK0          
                cstackBANK0                          60       60       92         1
                bssBANK0                             F2       F2        C         1

        CLASS   BANK1          
                cstackBANK1                         100      100       DA         1
                dataBANK1                           1DA      1DA       19         1
                bssBANK1                            1F3      1F3        5         1

        CLASS   BANK2          
                bssBANK2                            200      200       50         1

        CLASS   BANK3          

        CLASS   BANK4          

        CLASS   BANK5          

        CLASS   BANK6          

        CLASS   BANK7          

        CLASS   SFR            

        CLASS   FARRAM         

        CLASS   CONFIG         
                config                           300000   300000        E         0

        CLASS   IDLOC          
                idloc                            200000   200000        8         0

        CLASS   EEDATA         



SEGMENTS        Name                           Load    Length   Top    Selector   Space  Class

                reset_vec                      000000  000004  000004         0       0  CODE    
                cstackCOMRAM                   000001  00005E  00005F         1       1  COMRAM  
                cstackBANK0                    000060  00009E  0000FE        60       1  BANK0   
                cstackBANK1                    000100  0000F8  0001F8       100       1  BANK1   
                bssBANK2                       000200  000050  000250       200       1  BANK2   
                smallconst                     000800  0000B0  0008B0       400       0  SMALLCON
                text36                         0008B0  005A05  0062B5       458       0  CODE    
                text57                         0062B6  00004A  006300      315B       0  CODE    
                idloc                          200000  000008  200008    200000       0  IDLOC   
                config                         300000  00000E  30000E    300000       0  CONFIG  


UNUSED ADDRESS RANGES

        Name                Unused          Largest block    Delta
        BANK0            0000FE-0000FF                2
        BANK1            0001F8-0001FF                8
        BANK2            000250-0002FF               B0
        BANK3            000300-0003FF              100
        BANK4            000400-0004FF              100
        BANK5            000500-0005FF              100
        BANK6            000600-0006FF              100
        BANK7            000700-0007FF              100
        BIGRAM           00005F-00005F                1
                         0000FE-0000FF                2
                         0001F8-0001FF                8
                         000250-0007FF              5B0
        CODE             000004-0007FF              7FC
                         0062B5-0062B5                1
                         006300-007FFF             1D00
        COMRAM           00005F-00005F                1
        CONST            000004-0007FF              7FC
                         0062B5-0062B5                1
                         006300-007FFF             1D00
        EEDATA           F00000-F000FF              100
        MEDIUMCONST      0062B5-0062B5                1
                         006300-007FFF             1D00
        RAM              0000FE-0000FF                2
                         0001F8-0001FF                8
                         000250-0007FF              100
        SFR              000F60-000FFF               A0
        SMALLCONST       0062B5-0062B5                1
                         006300-007FFF              100
        STACK            000250-0007FF              5B0

                                  Symbol Table

?___aldiv                       cstackCOMRAM 000001
?___aodiv                       cstackCOMRAM 000001
?___aomod                       cstackCOMRAM 000001
?___awdiv                       cstackCOMRAM 000001
?___awmod                       cstackCOMRAM 000009
?___fladd                       cstackCOMRAM 000033
?___fldiv                       cstackCOMRAM 00001A
?___flmul                       cstackCOMRAM 000001
?___flneg                       cstackCOMRAM 000001
?___flsub                       cstackCOMRAM 000043
?___fltol                       cstackCOMRAM 000001
?___fpclassifyf                 cstackCOMRAM 000001
?___lmul                        cstackCOMRAM 000001
?___wmul                        cstackCOMRAM 000001
?___xxtofl                      cstackCOMRAM 000001
?_abs                           cstackCOMRAM 000013
?_atof                          cstackCOMRAM 000059
?_atoi                          cstackCOMRAM 000008
?_ctoa                          cstackCOMRAM 00001C
?_dameGrados                    cstackBANK0  000060
?_dtoa                          cstackCOMRAM 00001C
?_efgtoa                        cstackCOMRAM 00004B
?_floorf                        cstackCOMRAM 000033
?_isdigit                       cstackCOMRAM 000001
?_islower                       cstackCOMRAM 000001
?_isspace                       cstackCOMRAM 000001
?_isupper                       cstackCOMRAM 000001
?_isxdigit                      cstackCOMRAM 000001
?_nanf                          cstackCOMRAM 000001
?_pad                           cstackCOMRAM 000011
?_sprintf                       cstackBANK0  0000B8
?_stoa                          cstackCOMRAM 00000A
?_strlen                        cstackCOMRAM 000001
?_strncmp                       cstackCOMRAM 000001
?_strtof                        cstackCOMRAM 000033
?_tolower                       cstackCOMRAM 000007
?_toupper                       cstackCOMRAM 000007
?_vfpfcnvrt                     cstackCOMRAM 000057
?_vfprintf                      cstackBANK0  0000B2
Lcd_Cmd@a                       cstackCOMRAM 000003
Lcd_Port@a                      cstackCOMRAM 000001
Lcd_Set_Cursor@a                cstackCOMRAM 000005
Lcd_Set_Cursor@b                cstackCOMRAM 000004
Lcd_Set_Cursor@temp             cstackCOMRAM 000008
Lcd_Set_Cursor@y                cstackCOMRAM 000007
Lcd_Set_Cursor@z                cstackCOMRAM 000006
Lcd_Write_Char@a                cstackCOMRAM 000004
Lcd_Write_Char@temp             cstackCOMRAM 000002
Lcd_Write_Char@y                cstackCOMRAM 000003
Lcd_Write_String@a              cstackCOMRAM 000005
Lcd_Write_String@i              cstackCOMRAM 000009
UART_init@BAUD                  cstackCOMRAM 00000F
UART_printf@cadena              cstackCOMRAM 000002
UART_write@dato                 cstackCOMRAM 000001
_ADCON0bits                     (abs)        000FC2
_ADCON1                         (abs)        000FC1
_ADCON2                         (abs)        000FC0
_ADRESH                         (abs)        000FC4
_ADRESL                         (abs)        000FC3
_CREN                           (abs)        007D5C
_EUSART1_Read                   text7        0062CC
_LATD2                          (abs)        007C62
_LATD3                          (abs)        007C63
_LATD4                          (abs)        007C64
_LATD5                          (abs)        007C65
_LATD6                          (abs)        007C66
_LATD7                          (abs)        007C67
_Lcd_Clear                      text5        0062F0
_Lcd_Cmd                        text61       00627C
_Lcd_Init                       text60       005A7E
_Lcd_Port                       text62       005E78
_Lcd_Set_Cursor                 text4        005C3A
_Lcd_Write_Char                 text3        006090
_Lcd_Write_String               text2        005A00
_PORTBbits                      (abs)        000F81
_RCIF                           (abs)        007CF5
_RCREG                          (abs)        000FAE
_RCSTAbits                      (abs)        000FAB
_SPBRG                          (abs)        000FAF
_TRISA                          (abs)        000F92
_TRISBbits                      (abs)        000F93
_TRISCbits                      (abs)        000F94
_TRISD                          (abs)        000F95
_TRMT                           (abs)        007D61
_TXREG                          (abs)        000FAD
_TXSTAbits                      (abs)        000FAC
_UART_init                      text58       005B60
_UART_init$1619                 cstackCOMRAM 000017
_UART_printf                    text56       0061DE
_UART_write                     text57       0062B6
__CFG_BOR$OFF                   (abs)        000000
__CFG_BORV$3                    (abs)        000000
__CFG_CCP2MX$OFF                (abs)        000000
__CFG_CP0$OFF                   (abs)        000000
__CFG_CP1$OFF                   (abs)        000000
__CFG_CP2$OFF                   (abs)        000000
__CFG_CP3$OFF                   (abs)        000000
__CFG_CPB$OFF                   (abs)        000000
__CFG_CPD$OFF                   (abs)        000000
__CFG_CPUDIV$OSC1_PLL2          (abs)        000000
__CFG_EBTR0$OFF                 (abs)        000000
__CFG_EBTR1$OFF                 (abs)        000000
__CFG_EBTR2$OFF                 (abs)        000000
__CFG_EBTR3$OFF                 (abs)        000000
__CFG_EBTRB$OFF                 (abs)        000000
__CFG_FCMEN$OFF                 (abs)        000000
__CFG_FOSC$XT_XT                (abs)        000000
__CFG_ICPRT$OFF                 (abs)        000000
__CFG_IESO$OFF                  (abs)        000000
__CFG_LPT1OSC$OFF               (abs)        000000
__CFG_LVP$OFF                   (abs)        000000
__CFG_MCLRE$OFF                 (abs)        000000
__CFG_PBADEN$OFF                (abs)        000000
__CFG_PLLDIV$1                  (abs)        000000
__CFG_PWRT$OFF                  (abs)        000000
__CFG_STVREN$OFF                (abs)        000000
__CFG_USBDIV$1                  (abs)        000000
__CFG_VREGEN$OFF                (abs)        000000
__CFG_WDT$OFF                   (abs)        000000
__CFG_WDTPS$32768               (abs)        000000
__CFG_WRT0$OFF                  (abs)        000000
__CFG_WRT1$OFF                  (abs)        000000
__CFG_WRT2$OFF                  (abs)        000000
__CFG_WRT3$OFF                  (abs)        000000
__CFG_WRTB$OFF                  (abs)        000000
__CFG_WRTC$OFF                  (abs)        000000
__CFG_WRTD$OFF                  (abs)        000000
__CFG_XINST$OFF                 (abs)        000000
__HRAM                          (abs)        000000
__Habs1                         abs1         000000
__Hbank0                        bank0        000000
__Hbank1                        bank1        000000
__Hbank2                        bank2        000000
__Hbank3                        bank3        000000
__Hbank4                        bank4        000000
__Hbank5                        bank5        000000
__Hbank6                        bank6        000000
__Hbank7                        bank7        000000
__Hbigbss                       bigbss       000000
__Hbigdata                      bigdata      000000
__Hbigram                       bigram       000000
__Hbss                          bss          000000
__HbssBANK0                     bssBANK0     000000
__HbssBANK1                     bssBANK1     000000
__HbssBANK2                     bssBANK2     000000
__Hcinit                        cinit        000000
__Hclrtext                      clrtext      000000
__Hcomram                       comram       000000
__Hconfig                       config       30000E
__Hconst                        const        000000
__HcstackBANK0                  cstackBANK0  000000
__HcstackBANK1                  cstackBANK1  000000
__HcstackCOMRAM                 cstackCOMRAM 000000
__Hdata                         data         000000
__HdataBANK1                    dataBANK1    000000
__Heeprom_data                  eeprom_data  000000
__Hfarbss                       farbss       000000
__Hfardata                      fardata      000000
__Hibigdata                     ibigdata     000000
__Hidata                        idata        000000
__HidataBANK1                   idataBANK1   000000
__Hidloc                        idloc        200008
__Hifardata                     ifardata     000000
__Hinit                         init         000004
__Hintcode                      intcode      000000
__Hintcode_body                 intcode_body 000000
__Hintcodelo                    intcodelo    000000
__Hintentry                     intentry     000000
__Hintret                       intret       000000
__Hintsave_regs                 intsave_regs 000000
__Hirdata                       irdata       000000
__Hmediumconst                  mediumconst  000000
__HnvFARRAM                     nvFARRAM     000000
__Hnvbit                        nvbit        000000
__Hnvrram                       nvrram       000000
__Hparam                        rparam       000000
__Hpowerup                      powerup      000000
__Hram                          ram          000000
__Hramtop                       ramtop       000800
__Hrbit                         rbit         000000
__Hrbss                         rbss         000000
__Hrdata                        rdata        000000
__Hreset_vec                    reset_vec    000000
__Hrparam                       rparam       000000
__Hsfr                          sfr          000000
__Hsmallconst                   smallconst   0008B0
__Hspace_0                      (abs)        30000E
__Hspace_1                      (abs)        000250
__Hspace_2                      (abs)        000000
__Hstack                        stack        000000
__Hstruct                       struct       000000
__Htemp                         temp         000000
__Htext                         text         000000
__Htext0                        text0        000000
__Htext1                        text1        000000
__Htext10                       text10       000000
__Htext11                       text11       000000
__Htext12                       text12       000000
__Htext13                       text13       000000
__Htext14                       text14       000000
__Htext15                       text15       000000
__Htext16                       text16       000000
__Htext17                       text17       000000
__Htext18                       text18       000000
__Htext19                       text19       000000
__Htext2                        text2        000000
__Htext20                       text20       000000
__Htext21                       text21       000000
__Htext22                       text22       000000
__Htext23                       text23       000000
__Htext24                       text24       000000
__Htext25                       text25       000000
__Htext26                       text26       000000
__Htext27                       text27       000000
__Htext28                       text28       000000
__Htext29                       text29       000000
__Htext3                        text3        000000
__Htext30                       text30       000000
__Htext31                       text31       000000
__Htext32                       text32       000000
__Htext33                       text33       000000
__Htext34                       text34       000000
__Htext35                       text35       000000
__Htext36                       text36       000000
__Htext37                       text37       000000
__Htext38                       text38       000000
__Htext39                       text39       000000
__Htext4                        text4        000000
__Htext40                       text40       000000
__Htext41                       text41       000000
__Htext42                       text42       000000
__Htext43                       text43       000000
__Htext44                       text44       000000
__Htext45                       text45       000000
__Htext46                       text46       000000
__Htext47                       text47       000000
__Htext48                       text48       000000
__Htext49                       text49       000000
__Htext5                        text5        000000
__Htext50                       text50       000000
__Htext51                       text51       000000
__Htext52                       text52       000000
__Htext53                       text53       000000
__Htext54                       text54       000000
__Htext55                       text55       000000
__Htext56                       text56       000000
__Htext57                       text57       000000
__Htext58                       text58       000000
__Htext59                       text59       000000
__Htext6                        text6        000000
__Htext60                       text60       000000
__Htext61                       text61       000000
__Htext62                       text62       000000
__Htext7                        text7        000000
__Htext8                        text8        000000
__Htext9                        text9        000000
__LRAM                          (abs)        000001
__Labs1                         abs1         000000
__Lbank0                        bank0        000000
__Lbank1                        bank1        000000
__Lbank2                        bank2        000000
__Lbank3                        bank3        000000
__Lbank4                        bank4        000000
__Lbank5                        bank5        000000
__Lbank6                        bank6        000000
__Lbank7                        bank7        000000
__Lbigbss                       bigbss       000000
__Lbigdata                      bigdata      000000
__Lbigram                       bigram       000000
__Lbss                          bss          000000
__LbssBANK0                     bssBANK0     000000
__LbssBANK1                     bssBANK1     000000
__LbssBANK2                     bssBANK2     000000
__Lcinit                        cinit        000000
__Lclrtext                      clrtext      000000
__Lcomram                       comram       000000
__Lconfig                       config       300000
__Lconst                        const        000000
__LcstackBANK0                  cstackBANK0  000000
__LcstackBANK1                  cstackBANK1  000000
__LcstackCOMRAM                 cstackCOMRAM 000000
__Ldata                         data         000000
__LdataBANK1                    dataBANK1    000000
__Leeprom_data                  eeprom_data  000000
__Lfarbss                       farbss       000000
__Lfardata                      fardata      000000
__Libigdata                     ibigdata     000000
__Lidata                        idata        000000
__LidataBANK1                   idataBANK1   000000
__Lidloc                        idloc        200000
__Lifardata                     ifardata     000000
__Linit                         init         000000
__Lintcode                      intcode      000000
__Lintcode_body                 intcode_body 000000
__Lintcodelo                    intcodelo    000000
__Lintentry                     intentry     000000
__Lintret                       intret       000000
__Lintsave_regs                 intsave_regs 000000
__Lirdata                       irdata       000000
__Lmediumconst                  mediumconst  000000
__LnvFARRAM                     nvFARRAM     000000
__Lnvbit                        nvbit        000000
__Lnvrram                       nvrram       000000
__Lparam                        rparam       000000
__Lpowerup                      powerup      000000
__Lram                          ram          000000
__Lramtop                       ramtop       000800
__Lrbit                         rbit         000000
__Lrbss                         rbss         000000
__Lrdata                        rdata        000000
__Lreset_vec                    reset_vec    000000
__Lrparam                       rparam       000000
__Lsfr                          sfr          000000
__Lsmallconst                   smallconst   000800
__Lspace_0                      (abs)        000000
__Lspace_1                      (abs)        000000
__Lspace_2                      (abs)        000000
__Lstack                        stack        000000
__Lstruct                       struct       000000
__Ltemp                         temp         000000
__Ltext                         text         000000
__Ltext0                        text0        000000
__Ltext1                        text1        000000
__Ltext10                       text10       000000
__Ltext11                       text11       000000
__Ltext12                       text12       000000
__Ltext13                       text13       000000
__Ltext14                       text14       000000
__Ltext15                       text15       000000
__Ltext16                       text16       000000
__Ltext17                       text17       000000
__Ltext18                       text18       000000
__Ltext19                       text19       000000
__Ltext2                        text2        000000
__Ltext20                       text20       000000
__Ltext21                       text21       000000
__Ltext22                       text22       000000
__Ltext23                       text23       000000
__Ltext24                       text24       000000
__Ltext25                       text25       000000
__Ltext26                       text26       000000
__Ltext27                       text27       000000
__Ltext28                       text28       000000
__Ltext29                       text29       000000
__Ltext3                        text3        000000
__Ltext30                       text30       000000
__Ltext31                       text31       000000
__Ltext32                       text32       000000
__Ltext33                       text33       000000
__Ltext34                       text34       000000
__Ltext35                       text35       000000
__Ltext36                       text36       000000
__Ltext37                       text37       000000
__Ltext38                       text38       000000
__Ltext39                       text39       000000
__Ltext4                        text4        000000
__Ltext40                       text40       000000
__Ltext41                       text41       000000
__Ltext42                       text42       000000
__Ltext43                       text43       000000
__Ltext44                       text44       000000
__Ltext45                       text45       000000
__Ltext46                       text46       000000
__Ltext47                       text47       000000
__Ltext48                       text48       000000
__Ltext49                       text49       000000
__Ltext5                        text5        000000
__Ltext50                       text50       000000
__Ltext51                       text51       000000
__Ltext52                       text52       000000
__Ltext53                       text53       000000
__Ltext54                       text54       000000
__Ltext55                       text55       000000
__Ltext56                       text56       000000
__Ltext57                       text57       000000
__Ltext58                       text58       000000
__Ltext59                       text59       000000
__Ltext6                        text6        000000
__Ltext60                       text60       000000
__Ltext61                       text61       000000
__Ltext62                       text62       000000
__Ltext7                        text7        000000
__Ltext8                        text8        000000
__Ltext9                        text9        000000
__S0                            (abs)        30000E
__S1                            (abs)        000250
__S2                            (abs)        000000
___aldiv                        text59       004F6C
___aldiv@counter                cstackCOMRAM 000009
___aldiv@dividend               cstackCOMRAM 000001
___aldiv@divisor                cstackCOMRAM 000005
___aldiv@quotient               cstackCOMRAM 00000B
___aldiv@sign                   cstackCOMRAM 00000A
___aodiv                        text26       00499C
___aodiv@counter                cstackCOMRAM 000011
___aodiv@dividend               cstackCOMRAM 000001
___aodiv@divisor                cstackCOMRAM 000009
___aodiv@quotient               cstackCOMRAM 000013
___aodiv@sign                   cstackCOMRAM 000012
___aomod                        text25       004CAA
___aomod@counter                cstackCOMRAM 000011
___aomod@dividend               cstackCOMRAM 000001
___aomod@divisor                cstackCOMRAM 000009
___aomod@sign                   cstackCOMRAM 000012
___awdiv                        text22       0056BA
___awdiv@counter                cstackCOMRAM 000005
___awdiv@dividend               cstackCOMRAM 000001
___awdiv@divisor                cstackCOMRAM 000003
___awdiv@quotient               cstackCOMRAM 000007
___awdiv@sign                   cstackCOMRAM 000006
___awmod                        text21       00577E
___awmod@counter                cstackCOMRAM 00000D
___awmod@dividend               cstackCOMRAM 000009
___awmod@divisor                cstackCOMRAM 00000B
___awmod@sign                   cstackCOMRAM 00000E
___fladd                        text53       002BD4
___fladd@a                      cstackCOMRAM 000037
___fladd@aexp                   cstackCOMRAM 000040
___fladd@b                      cstackCOMRAM 000033
___fladd@bexp                   cstackCOMRAM 000041
___fladd@grs                    cstackCOMRAM 000042
___fladd@signs                  cstackCOMRAM 00003F
___fldiv                        text50       00395A
___fldiv@a                      cstackCOMRAM 00001E
___fldiv@aexp                   cstackCOMRAM 000032
___fldiv@b                      cstackCOMRAM 00001A
___fldiv@bexp                   cstackCOMRAM 000031
___fldiv@grs                    cstackCOMRAM 00002D
___fldiv@new_exp                cstackCOMRAM 00002B
___fldiv@rem                    cstackCOMRAM 000026
___fldiv@sign                   cstackCOMRAM 00002A
___fleq                         text49       00582E
___fleq@ff1                     cstackCOMRAM 000001
___fleq@ff2                     cstackCOMRAM 000005
___flge                         text48       00517E
___flge@ff1                     cstackCOMRAM 00001A
___flge@ff2                     cstackCOMRAM 00001E
___flmul                        text47       003530
___flmul@a                      cstackCOMRAM 000005
___flmul@aexp                   cstackCOMRAM 000012
___flmul@b                      cstackCOMRAM 000001
___flmul@bexp                   cstackCOMRAM 000013
___flmul@grs                    cstackCOMRAM 00000E
___flmul@prod                   cstackCOMRAM 000014
___flmul@sign                   cstackCOMRAM 00000D
___flmul@temp                   cstackCOMRAM 000018
___flneg                        text46       006170
___flneg@f1                     cstackCOMRAM 000001
___flsub                        text52       005FC6
___flsub@a                      cstackCOMRAM 000047
___flsub@b                      cstackCOMRAM 000043
___fltol                        text51       005078
___fltol@exp1                   cstackCOMRAM 00000A
___fltol@f1                     cstackCOMRAM 000001
___fltol@sign1                  cstackCOMRAM 000009
___fpclassifyf                  text20       005282
___fpclassifyf@F463             bssBANK0     0000F2
___fpclassifyf@e                cstackCOMRAM 000009
___fpclassifyf@u                cstackCOMRAM 00000B
___fpclassifyf@x                cstackCOMRAM 000001
___inthi_sp                     stack        000000
___intlo_sp                     stack        000000
___lmul                         text45       005BD0
___lmul@multiplicand            cstackCOMRAM 000005
___lmul@multiplier              cstackCOMRAM 000001
___lmul@product                 cstackCOMRAM 000009
___param_bank                   (abs)        000000
___rparam_used                  (abs)        000001
___sp                           stack        000000
___wmul                         text44       006234
___wmul@multiplicand            cstackCOMRAM 000003
___wmul@multiplier              cstackCOMRAM 000001
___wmul@product                 cstackCOMRAM 000005
___xxtofl                       text43       0044CA
___xxtofl@arg                   cstackCOMRAM 00000B
___xxtofl@exp                   cstackCOMRAM 00000A
___xxtofl@sign                  cstackCOMRAM 000009
___xxtofl@val                   cstackCOMRAM 000001
__accesstop                     (abs)        000060
__activetblptr                  (abs)        000002
__end_of_EUSART1_Read           text7        0062E0
__end_of_Lcd_Clear              text5        0062FE
__end_of_Lcd_Cmd                text61       00629C
__end_of_Lcd_Init               text60       005AF0
__end_of_Lcd_Port               text62       005ED4
__end_of_Lcd_Set_Cursor         text4        005CA0
__end_of_Lcd_Write_Char         text3        0060C8
__end_of_Lcd_Write_String       text2        005A7E
__end_of_UART_init              text58       005BD0
__end_of_UART_printf            text56       00620E
__end_of_UART_write             text57       0062CC
__end_of___aldiv                text59       005078
__end_of___aodiv                text26       004B24
__end_of___aomod                text25       004E0E
__end_of___awdiv                text22       00577E
__end_of___awmod                text21       00582E
__end_of___fladd                text53       003094
__end_of___fldiv                text50       003CF4
__end_of___fleq                 text49       0058D8
__end_of___flge                 text48       005282
__end_of___flmul                text47       00395A
__end_of___flneg                text46       0061A8
__end_of___flsub                text52       00600C
__end_of___fltol                text51       00517E
__end_of___fpclassifyf          text20       005380
__end_of___lmul                 text45       005C3A
__end_of___wmul                 text44       00625A
__end_of___xxtofl               text43       00467E
__end_of__initialization        cinit        005FBC
__end_of_abs                    text24       006090
__end_of_atof                   text35       006234
__end_of_atoi                   text33       00480E
__end_of_configurarAdc          text55       0062F0
__end_of_ctoa                   text27       005E78
__end_of_dameDato               text54       00552A
__end_of_dameGrados             text34       004F6C
__end_of_dameHora               text9        0042B8
__end_of_dameTemperaturaLm35    text8        005978
__end_of_dtoa                   text23       003FD8
__end_of_efgtoa                 text15       0025B6
__end_of_floorf                 text19       0044CA
__end_of_fputc                  text31       0055F4
__end_of_fputs                  text30       006050
__end_of_isdigit                text42       006170
__end_of_islower                text38       006138
__end_of_isspace                text41       005F78
__end_of_isupper                text17       006100
__end_of_isxdigit               text40       005B60
__end_of_leerGps                text6        00499C
__end_of_main                   text0        003530
__end_of_mensajeEspera          text1        005A00
__end_of_nanf                   text39       00627C
__end_of_pad                    text28       0056BA
__end_of_putch                  text32       006300
__end_of_sprintf                text10       005F26
__end_of_stoa                   text14       004CAA
__end_of_strcpy                 text18       005E1C
__end_of_strlen                 text29       0061DE
__end_of_strncmp                text13       005456
__end_of_strtof                 text36       001A06
__end_of_tolower                text16       005D62
__end_of_toupper                text37       005DC0
__end_of_vfpfcnvrt              text12       002BD4
__end_of_vfprintf               text11       005D02
__initialization                cinit        005F78
__mediumconst                   mediumconst  000000
__pbssBANK0                     bssBANK0     0000F2
__pbssBANK1                     bssBANK1     0001F3
__pbssBANK2                     bssBANK2     000200
__pcinit                        cinit        005F78
__pcstackBANK0                  cstackBANK0  000060
__pcstackBANK1                  cstackBANK1  000100
__pcstackCOMRAM                 cstackCOMRAM 000001
__pdataBANK1                    dataBANK1    0001DA
__pidataBANK1                   idataBANK1   00629C
__psmallconst                   smallconst   000800
__ptext0                        text0        003094
__ptext1                        text1        005978
__ptext10                       text10       005ED4
__ptext11                       text11       005CA0
__ptext12                       text12       0025B6
__ptext13                       text13       005380
__ptext14                       text14       004B24
__ptext15                       text15       001A06
__ptext16                       text16       005D02
__ptext17                       text17       0060C8
__ptext18                       text18       005DC0
__ptext19                       text19       0042B8
__ptext2                        text2        005A00
__ptext20                       text20       005282
__ptext21                       text21       00577E
__ptext22                       text22       0056BA
__ptext23                       text23       003CF4
__ptext24                       text24       006050
__ptext25                       text25       004CAA
__ptext26                       text26       00499C
__ptext27                       text27       005E1C
__ptext28                       text28       0055F4
__ptext29                       text29       0061A8
__ptext3                        text3        006090
__ptext30                       text30       00600C
__ptext31                       text31       00552A
__ptext32                       text32       0062FE
__ptext33                       text33       00467E
__ptext34                       text34       004E0E
__ptext35                       text35       00620E
__ptext36                       text36       0008B0
__ptext37                       text37       005D62
__ptext38                       text38       006100
__ptext39                       text39       00625A
__ptext4                        text4        005C3A
__ptext40                       text40       005AF0
__ptext41                       text41       005F26
__ptext42                       text42       006138
__ptext43                       text43       0044CA
__ptext44                       text44       006234
__ptext45                       text45       005BD0
__ptext46                       text46       006170
__ptext47                       text47       003530
__ptext48                       text48       00517E
__ptext49                       text49       00582E
__ptext5                        text5        0062F0
__ptext50                       text50       00395A
__ptext51                       text51       005078
__ptext52                       text52       005FC6
__ptext53                       text53       002BD4
__ptext54                       text54       005456
__ptext55                       text55       0062E0
__ptext56                       text56       0061DE
__ptext57                       text57       0062B6
__ptext58                       text58       005B60
__ptext59                       text59       004F6C
__ptext6                        text6        00480E
__ptext60                       text60       005A7E
__ptext61                       text61       00627C
__ptext62                       text62       005E78
__ptext7                        text7        0062CC
__ptext8                        text8        0058D8
__ptext9                        text9        003FD8
__ramtop                        ramtop       000800
__size_of_EUSART1_Read          (abs)        000000
__size_of_Lcd_Clear             (abs)        000000
__size_of_Lcd_Cmd               (abs)        000000
__size_of_Lcd_Init              (abs)        000000
__size_of_Lcd_Port              (abs)        000000
__size_of_Lcd_Set_Cursor        (abs)        000000
__size_of_Lcd_Write_Char        (abs)        000000
__size_of_Lcd_Write_String      (abs)        000000
__size_of_UART_init             (abs)        000000
__size_of_UART_printf           (abs)        000000
__size_of_UART_write            (abs)        000000
__size_of___aldiv               (abs)        000000
__size_of___aodiv               (abs)        000000
__size_of___aomod               (abs)        000000
__size_of___awdiv               (abs)        000000
__size_of___awmod               (abs)        000000
__size_of___fladd               (abs)        000000
__size_of___fldiv               (abs)        000000
__size_of___fleq                (abs)        000000
__size_of___flge                (abs)        000000
__size_of___flmul               (abs)        000000
__size_of___flneg               (abs)        000000
__size_of___flsub               (abs)        000000
__size_of___fltol               (abs)        000000
__size_of___fpclassifyf         (abs)        000000
__size_of___lmul                (abs)        000000
__size_of___wmul                (abs)        000000
__size_of___xxtofl              (abs)        000000
__size_of_abs                   (abs)        000000
__size_of_atof                  (abs)        000000
__size_of_atoi                  (abs)        000000
__size_of_configurarAdc         (abs)        000000
__size_of_ctoa                  (abs)        000000
__size_of_dameDato              (abs)        000000
__size_of_dameGrados            (abs)        000000
__size_of_dameHora              (abs)        000000
__size_of_dameTemperaturaLm35   (abs)        000000
__size_of_dtoa                  (abs)        000000
__size_of_efgtoa                (abs)        000000
__size_of_floorf                (abs)        000000
__size_of_fputc                 (abs)        000000
__size_of_fputs                 (abs)        000000
__size_of_isdigit               (abs)        000000
__size_of_islower               (abs)        000000
__size_of_isspace               (abs)        000000
__size_of_isupper               (abs)        000000
__size_of_isxdigit              (abs)        000000
__size_of_leerGps               (abs)        000000
__size_of_main                  (abs)        000000
__size_of_mensajeEspera         (abs)        000000
__size_of_nanf                  (abs)        000000
__size_of_pad                   (abs)        000000
__size_of_putch                 (abs)        000000
__size_of_sprintf               (abs)        000000
__size_of_stoa                  (abs)        000000
__size_of_strcpy                (abs)        000000
__size_of_strlen                (abs)        000000
__size_of_strncmp               (abs)        000000
__size_of_strtof                (abs)        000000
__size_of_tolower               (abs)        000000
__size_of_toupper               (abs)        000000
__size_of_vfpfcnvrt             (abs)        000000
__size_of_vfprintf              (abs)        000000
__smallconst                    smallconst   000800
_abs                            text24       006050
_atof                           text35       00620E
_atoi                           text33       00467E
_atoi$1145                      cstackCOMRAM 000010
_atoi$1146                      cstackCOMRAM 000014
_atoi$1147                      cstackCOMRAM 000012
_configurarAdc                  text55       0062E0
_ctoa                           text27       005E1C
_dameDato                       text54       005456
_dameGrados                     text34       004E0E
_dameGrados$1621                cstackBANK0  000064
_dameHora                       text9        003FD8
_dameHora$1620                  cstackBANK0  0000E2
_dameTemperaturaLm35            text8        0058D8
_dbuf                           bssBANK2     000200
_diaSiguiente                   bssBANK1     0001F7
_dtoa                           text23       003CF4
_dtoa$606                       cstackCOMRAM 00002E
_efgtoa                         text15       001A06
_efgtoa$629                     cstackBANK0  000064
_efgtoa$630                     cstackBANK0  000066
_efgtoa$634                     cstackBANK0  000068
_efgtoa$638                     cstackBANK0  00006A
_efgtoa$639                     cstackBANK0  00006C
_efgtoa$640                     cstackBANK0  00006E
_flags                          bssBANK0     0000FC
_floorf                         text19       0042B8
_fputc                          text31       00552A
_fputs                          text30       00600C
_isdigit                        text42       006138
_islower                        text38       006100
_isspace                        text41       005F26
_isspace$1176                   cstackCOMRAM 000007
_isupper                        text17       0060C8
_isxdigit                       text40       005AF0
_isxdigit$1359                  cstackCOMRAM 000007
_leerGps                        text6        00480E
_main                           text0        003094
_main$1622                      cstackBANK1  0001CB
_mensajeEspera                  text1        005978
_nanf                           text39       00625A
_nout                           bssBANK0     0000F6
_pad                            text28       0055F4
_prec                           bssBANK0     0000FA
_putch                          text32       0062FE
_sprintf                        text10       005ED4
_stoa                           text14       004B24
_strcpy                         text18       005DC0
_strlen                         text29       0061A8
_strncmp                        text13       005380
_strtof                         text36       0008B0
_strtof$1286                    cstackCOMRAM 00003D
_strtof$1287                    cstackCOMRAM 00004D
_strtof$1297                    cstackCOMRAM 00003F
_strtof$1298                    cstackCOMRAM 000041
_strtof$1299                    cstackCOMRAM 000043
_strtof$1300                    cstackCOMRAM 000045
_strtof$1301                    cstackCOMRAM 000047
_strtof$1302                    cstackCOMRAM 000049
_strtof$1303                    cstackCOMRAM 00004B
_tolower                        text16       005D02
_tolower$1324                   cstackCOMRAM 00000D
_toupper                        text37       005D62
_toupper$1339                   cstackCOMRAM 00000D
_vfpfcnvrt                      text12       0025B6
_vfpfcnvrt$665                  cstackBANK0  0000A6
_vfpfcnvrt$671                  cstackBANK0  0000A8
_vfprintf                       text11       005CA0
_width                          bssBANK0     0000F8
abs@a                           cstackCOMRAM 000013
atof@s                          cstackCOMRAM 000059
atoi@n                          cstackCOMRAM 000015
atoi@neg                        cstackCOMRAM 00000E
atoi@s                          cstackCOMRAM 000008
ctoa@c                          cstackCOMRAM 00001E
ctoa@fp                         cstackCOMRAM 00001C
ctoa@w                          cstackCOMRAM 00001F
dameDato@cadenaFragmentada      cstackCOMRAM 000001
dameDato@comasContadas          cstackCOMRAM 00000A
dameDato@i                      cstackCOMRAM 00000E
dameDato@j                      cstackCOMRAM 00000C
dameDato@numComas               cstackCOMRAM 000003
dameDato@variable               cstackCOMRAM 000005
dameGrados@cadenaFragmentada    cstackBANK0  000060
dameGrados@grados               cstackBANK0  00006A
dameGrados@gradosDecimal        cstackBANK0  000068
dameHora@cadenaFragmentada      cstackBANK0  0000D6
dameHora@decenaHora             cstackBANK0  0000DE
dameHora@hora                   cstackBANK0  0000D8
dameHora@horaGMT                cstackBANK0  0000E4
dameHora@i                      cstackBANK0  0000E6
dameHora@unidadHora             cstackBANK0  0000E0
dameTemperaturaLm35@temperatura cstackCOMRAM 00001A
dtoa@d                          cstackCOMRAM 00001E
dtoa@fp                         cstackCOMRAM 00001C
dtoa@i                          cstackCOMRAM 00003E
dtoa@n                          cstackCOMRAM 000036
dtoa@p                          cstackCOMRAM 000030
dtoa@s                          cstackCOMRAM 000034
dtoa@w                          cstackCOMRAM 000032
efgtoa@c                        cstackCOMRAM 000051
efgtoa@d                        cstackBANK0  000078
efgtoa@e                        cstackBANK0  000090
efgtoa@f                        cstackCOMRAM 00004D
efgtoa@fp                       cstackCOMRAM 00004B
efgtoa@g                        cstackBANK0  00008C
efgtoa@h                        cstackBANK0  000082
efgtoa@i                        cstackBANK0  00008A
efgtoa@l                        cstackBANK0  000086
efgtoa@m                        cstackBANK0  000074
efgtoa@mode                     cstackBANK0  000081
efgtoa@n                        cstackBANK0  000092
efgtoa@ne                       cstackBANK0  000076
efgtoa@nmode                    cstackBANK0  00007E
efgtoa@ou                       cstackBANK0  000060
efgtoa@p                        cstackBANK0  00007C
efgtoa@pp                       cstackBANK0  000072
efgtoa@sign                     cstackBANK0  00007A
efgtoa@t                        cstackBANK0  000070
efgtoa@u                        cstackBANK0  000094
efgtoa@w                        cstackBANK0  00007F
end_of_initialization           cinit        005FBC
floorf@F524                     bssBANK1     0001F3
floorf@e                        cstackCOMRAM 000041
floorf@m                        cstackCOMRAM 00003D
floorf@u                        cstackCOMRAM 000043
floorf@x                        cstackCOMRAM 000033
fputc@c                         cstackCOMRAM 000001
fputc@fp                        cstackCOMRAM 000003
fputs@c                         cstackCOMRAM 00000E
fputs@fp                        cstackCOMRAM 00000C
fputs@i                         cstackCOMRAM 00000F
fputs@s                         cstackCOMRAM 00000A
intlevel0                       text         000000
intlevel1                       text         000000
intlevel2                       text         000000
intlevel3                       text         000000
isdigit@c                       cstackCOMRAM 000001
islower@c                       cstackCOMRAM 000001
isspace@c                       cstackCOMRAM 000001
isupper@c                       cstackCOMRAM 000001
isxdigit@c                      cstackCOMRAM 000001
leerGps@cadenaInicial           cstackCOMRAM 000001
leerGps@cont                    cstackCOMRAM 000009
leerGps@leerByte                cstackCOMRAM 00000B
leerGps@ok                      cstackCOMRAM 000007
main@F3602                      dataBANK1    0001E3
main@F3604                      dataBANK1    0001DA
main@buffer                     cstackBANK1  000187
main@bufferFecha                cstackBANK1  000173
main@cadenaFragmentada          cstackBANK1  000132
main@datoSalida                 cstackBANK1  000100
main@fecha                      cstackBANK1  0001BE
main@fechaReal                  cstackBANK1  0001D4
main@horaCompleta               cstackBANK1  00019B
main@latitud                    cstackBANK1  0001B1
main@latitudMostrar             cstackBANK1  0001C7
main@longitud                   cstackBANK1  0001A4
main@longitudMostrar            cstackBANK1  0001CF
main@temperatura                cstackBANK1  0001D6
main@variableMostrar            cstackBANK1  0001D3
mensajeEspera@buffer            cstackBANK0  0000DA
mensajeEspera@segundos          cstackBANK0  0000D6
nanf@s                          cstackCOMRAM 000001
nanf@u                          cstackCOMRAM 000005
pad@buf                         cstackCOMRAM 000013
pad@fp                          cstackCOMRAM 000011
pad@i                           cstackCOMRAM 000018
pad@p                           cstackCOMRAM 000015
pad@w                           cstackCOMRAM 00001A
sprintf@ap                      cstackBANK0  0000CE
sprintf@f                       cstackBANK0  0000D0
sprintf@fmt                     cstackBANK0  0000BA
sprintf@s                       cstackBANK0  0000B8
stackhi                         (abs)        0007FF
stacklo                         (abs)        000250
start                           init         000000
start_initialization            cinit        005F78
stoa@F1166                      dataBANK1    0001EC
stoa@cp                         cstackCOMRAM 00001A
stoa@fp                         cstackCOMRAM 00000A
stoa@i                          cstackCOMRAM 000016
stoa@l                          cstackCOMRAM 00001E
stoa@nuls                       cstackCOMRAM 00000F
stoa@p                          cstackCOMRAM 00001C
stoa@s                          cstackCOMRAM 00000C
stoa@w                          cstackCOMRAM 000018
strcpy@d                        cstackCOMRAM 000009
strcpy@dest                     cstackCOMRAM 000001
strcpy@s                        cstackCOMRAM 000007
strcpy@src                      cstackCOMRAM 000003
strlen@a                        cstackCOMRAM 000003
strlen@s                        cstackCOMRAM 000001
strncmp@_l                      cstackCOMRAM 000001
strncmp@_r                      cstackCOMRAM 000003
strncmp@l                       cstackCOMRAM 000008
strncmp@n                       cstackCOMRAM 000005
strncmp@r                       cstackCOMRAM 00000A
strtof@_u                       cstackCOMRAM 000054
strtof@digit                    cstackCOMRAM 00004E
strtof@eexp                     cstackCOMRAM 000052
strtof@expon                    cstackCOMRAM 000050
strtof@flags                    cstackCOMRAM 00004F
strtof@i                        cstackCOMRAM 000058
strtof@res                      cstackCOMRAM 000035
strtof@s                        cstackCOMRAM 000033
tolower@c                       cstackCOMRAM 000007
toupper@c                       cstackCOMRAM 000007
vfpfcnvrt@ap                    cstackCOMRAM 00005B
vfpfcnvrt@c                     cstackBANK0  0000B1
vfpfcnvrt@cp                    cstackBANK0  0000A4
vfpfcnvrt@ct                    cstackBANK0  0000AE
vfpfcnvrt@f                     cstackBANK0  0000AA
vfpfcnvrt@fmt                   cstackCOMRAM 000059
vfpfcnvrt@fp                    cstackCOMRAM 000057
vfpfcnvrt@ll                    cstackBANK0  00009C
vfprintf@ap                     cstackBANK0  0000B6
vfprintf@cfmt                   cstackCOMRAM 00005D
vfprintf@fmt                    cstackBANK0  0000B4
vfprintf@fp                     cstackBANK0  0000B2


FUNCTION INFORMATION:

 *************** function _main *****************
 Defined at:
		line 215 in file "main.c"
 Parameters:    Size  Location     Type
		None
 Auto vars:     Size  Location     Type
  cadenaFragme   65   50[BANK1 ] unsigned char [65]
  datoSalida     50    0[BANK1 ] unsigned char [50]
  buffer         20  135[BANK1 ] unsigned char [20]
  bufferFecha    20  115[BANK1 ] unsigned char [20]
  latitud        13  177[BANK1 ] unsigned char [13]
  longitud       13  164[BANK1 ] unsigned char [13]
  fecha           9  190[BANK1 ] unsigned char [9]
  horaCompleta    9  155[BANK1 ] unsigned char [9]
  temperatura     4  214[BANK1 ] float 
  longitudMost    4  207[BANK1 ] float 
  latitudMostr    4  199[BANK1 ] float 
  fechaReal       2  212[BANK1 ] int 
  variableMost    1  211[BANK1 ] unsigned char 
 Return value:  Size  Location     Type
                  1    wreg      void 
 Registers used:
		wreg, fsr1l, fsr1h, fsr2l, fsr2h, status,2, status,0, tblptrl, tblptrh, tblptru, prodl, prodh, cstack
 Tracked objects:
		On entry : 
		On exit  : 
		Unchanged: 
 Data sizes:     COMRAM   BANK0   BANK1   BANK2   BANK3   BANK4   BANK5   BANK6   BANK7
      Params:         0       0       0       0       0       0       0       0       0
      Locals:         0       0     218       0       0       0       0       0       0
      Temps:          0       4       0       0       0       0       0       0       0
      Totals:         0       4     218       0       0       0       0       0       0
Total ram usage:      222 bytes
 Hardware stack levels required when called:    9
 This function calls:
		_Lcd_Clear
		_Lcd_Init
		_Lcd_Set_Cursor
		_Lcd_Write_String
		_UART_init
		_UART_printf
		___flmul
		___wmul
		_configurarAdc
		_dameDato
		_dameGrados
		_dameHora
		_dameTemperaturaLm35
		_leerGps
		_mensajeEspera
		_sprintf
 This function is called by:
		Startup code after reset
 This function uses a non-reentrant model


 *************** function _mensajeEspera *****************
 Defined at:
		line 52 in file "main.c"
 Parameters:    Size  Location     Type
  segundos        2  118[BANK0 ] short 
 Auto vars:     Size  Location     Type
  buffer         20  122[BANK0 ] unsigned char [20]
 Return value:  Size  Location     Type
                  1    wreg      void 
 Registers used:
		wreg, fsr1l, fsr1h, fsr2l, fsr2h, status,2, status,0, tblptrl, tblptrh, tblptru, prodl, prodh, cstack
 Tracked objects:
		On entry : 
		On exit  : 
		Unchanged: 
 Data sizes:     COMRAM   BANK0   BANK1   BANK2   BANK3   BANK4   BANK5   BANK6   BANK7
      Params:         0       2       0       0       0       0       0       0       0
      Locals:         0      20       0       0       0       0       0       0       0
      Temps:          0       2       0       0       0       0       0       0       0
      Totals:         0      24       0       0       0       0       0       0       0
Total ram usage:       24 bytes
 Hardware stack levels used:    1
 Hardware stack levels required when called:    8
 This function calls:
		_Lcd_Clear
		_Lcd_Set_Cursor
		_Lcd_Write_String
		_sprintf
 This function is called by:
		_main
 This function uses a non-reentrant model


 *************** function _Lcd_Write_String *****************
 Defined at:
		line 101 in file "./lcd.h"
 Parameters:    Size  Location     Type
  a               2    4[COMRAM] PTR unsigned char 
		 -> STR_11(8), main@bufferFecha(20), main@buffer(20), STR_2(18), 
		 -> mensajeEspera@buffer(20), 
 Auto vars:     Size  Location     Type
  i               2    8[COMRAM] int 
 Return value:  Size  Location     Type
                  1    wreg      void 
 Registers used:
		wreg, fsr1l, fsr1h, status,2, status,0, tblptrl, tblptrh, tblptru, cstack
 Tracked objects:
		On entry : 
		On exit  : 
		Unchanged: 
 Data sizes:     COMRAM   BANK0   BANK1   BANK2   BANK3   BANK4   BANK5   BANK6   BANK7
      Params:         2       0       0       0       0       0       0       0       0
      Locals:         2       0       0       0       0       0       0       0       0
      Temps:          2       0       0       0       0       0       0       0       0
      Totals:         6       0       0       0       0       0       0       0       0
Total ram usage:        6 bytes
 Hardware stack levels used:    1
 Hardware stack levels required when called:    2
 This function calls:
		_Lcd_Write_Char
 This function is called by:
		_mensajeEspera
		_main
 This function uses a non-reentrant model


 *************** function _Lcd_Write_Char *****************
 Defined at:
		line 85 in file "./lcd.h"
 Parameters:    Size  Location     Type
  a               1    wreg     unsigned char 
 Auto vars:     Size  Location     Type
  a               1    3[COMRAM] unsigned char 
  y               1    2[COMRAM] unsigned char 
  temp            1    1[COMRAM] unsigned char 
 Return value:  Size  Location     Type
                  1    wreg      void 
 Registers used:
		wreg, status,2, status,0, cstack
 Tracked objects:
		On entry : 
		On exit  : 
		Unchanged: 
 Data sizes:     COMRAM   BANK0   BANK1   BANK2   BANK3   BANK4   BANK5   BANK6   BANK7
      Params:         0       0       0       0       0       0       0       0       0
      Locals:         3       0       0       0       0       0       0       0       0
      Temps:          0       0       0       0       0       0       0       0       0
      Totals:         3       0       0       0       0       0       0       0       0
Total ram usage:        3 bytes
 Hardware stack levels used:    1
 Hardware stack levels required when called:    1
 This function calls:
		_Lcd_Port
 This function is called by:
		_Lcd_Write_String
 This function uses a non-reentrant model


 *************** function _Lcd_Set_Cursor *****************
 Defined at:
		line 45 in file "./lcd.h"
 Parameters:    Size  Location     Type
  a               1    wreg     unsigned char 
  b               1    3[COMRAM] unsigned char 
 Auto vars:     Size  Location     Type
  a               1    4[COMRAM] unsigned char 
  temp            1    7[COMRAM] unsigned char 
  y               1    6[COMRAM] unsigned char 
  z               1    5[COMRAM] unsigned char 
 Return value:  Size  Location     Type
                  1    wreg      void 
 Registers used:
		wreg, status,2, status,0, cstack
 Tracked objects:
		On entry : 
		On exit  : 
		Unchanged: 
 Data sizes:     COMRAM   BANK0   BANK1   BANK2   BANK3   BANK4   BANK5   BANK6   BANK7
      Params:         1       0       0       0       0       0       0       0       0
      Locals:         4       0       0       0       0       0       0       0       0
      Temps:          0       0       0       0       0       0       0       0       0
      Totals:         5       0       0       0       0       0       0       0       0
Total ram usage:        5 bytes
 Hardware stack levels used:    1
 Hardware stack levels required when called:    2
 This function calls:
		_Lcd_Cmd
 This function is called by:
		_mensajeEspera
		_main
 This function uses a non-reentrant model


 *************** function _Lcd_Clear *****************
 Defined at:
		line 39 in file "./lcd.h"
 Parameters:    Size  Location     Type
		None
 Auto vars:     Size  Location     Type
		None
 Return value:  Size  Location     Type
                  1    wreg      void 
 Registers used:
		wreg, status,2, cstack
 Tracked objects:
		On entry : 
		On exit  : 
		Unchanged: 
 Data sizes:     COMRAM   BANK0   BANK1   BANK2   BANK3   BANK4   BANK5   BANK6   BANK7
      Params:         0       0       0       0       0       0       0       0       0
      Locals:         0       0       0       0       0       0       0       0       0
      Temps:          0       0       0       0       0       0       0       0       0
      Totals:         0       0       0       0       0       0       0       0       0
Total ram usage:        0 bytes
 Hardware stack levels used:    1
 Hardware stack levels required when called:    2
 This function calls:
		_Lcd_Cmd
 This function is called by:
		_mensajeEspera
		_main
 This function uses a non-reentrant model


 *************** function _leerGps *****************
 Defined at:
		line 68 in file "main.c"
 Parameters:    Size  Location     Type
  cadenaInicia    2    0[COMRAM] PTR unsigned char 
		 -> main@cadenaFragmentada(65), 
 Auto vars:     Size  Location     Type
  cont            2    8[COMRAM] int 
  ok              2    6[COMRAM] int 
  i               2    0        int 
  leerByte        1   10[COMRAM] unsigned char 
 Return value:  Size  Location     Type
                  1    wreg      void 
 Registers used:
		wreg, fsr2l, fsr2h, status,2, status,0, cstack
 Tracked objects:
		On entry : 
		On exit  : 
		Unchanged: 
 Data sizes:     COMRAM   BANK0   BANK1   BANK2   BANK3   BANK4   BANK5   BANK6   BANK7
      Params:         2       0       0       0       0       0       0       0       0
      Locals:         7       0       0       0       0       0       0       0       0
      Temps:          2       0       0       0       0       0       0       0       0
      Totals:        11       0       0       0       0       0       0       0       0
Total ram usage:       11 bytes
 Hardware stack levels used:    1
 Hardware stack levels required when called:    1
 This function calls:
		_EUSART1_Read
 This function is called by:
		_main
 This function uses a non-reentrant model


 *************** function _EUSART1_Read *****************
 Defined at:
		line 28 in file "./UART.h"
 Parameters:    Size  Location     Type
		None
 Auto vars:     Size  Location     Type
		None
 Return value:  Size  Location     Type
                  1    wreg      unsigned char 
 Registers used:
		wreg, status,2
 Tracked objects:
		On entry : 
		On exit  : 
		Unchanged: 
 Data sizes:     COMRAM   BANK0   BANK1   BANK2   BANK3   BANK4   BANK5   BANK6   BANK7
      Params:         0       0       0       0       0       0       0       0       0
      Locals:         0       0       0       0       0       0       0       0       0
      Temps:          0       0       0       0       0       0       0       0       0
      Totals:         0       0       0       0       0       0       0       0       0
Total ram usage:        0 bytes
 Hardware stack levels used:    1
 This function calls:
		Nothing
 This function is called by:
		_leerGps
 This function uses a non-reentrant model


 *************** function _dameTemperaturaLm35 *****************
 Defined at:
		line 39 in file "main.c"
 Parameters:    Size  Location     Type
  temperatura     2   25[COMRAM] PTR float 
		 -> main@temperatura(4), 
 Auto vars:     Size  Location     Type
		None
 Return value:  Size  Location     Type
                  1    wreg      void 
 Registers used:
		wreg, fsr2l, fsr2h, status,2, status,0, prodl, prodh, cstack
 Tracked objects:
		On entry : 
		On exit  : 
		Unchanged: 
 Data sizes:     COMRAM   BANK0   BANK1   BANK2   BANK3   BANK4   BANK5   BANK6   BANK7
      Params:         2       0       0       0       0       0       0       0       0
      Locals:         0       0       0       0       0       0       0       0       0
      Temps:          2       0       0       0       0       0       0       0       0
      Totals:         4       0       0       0       0       0       0       0       0
Total ram usage:        4 bytes
 Hardware stack levels used:    1
 Hardware stack levels required when called:    1
 This function calls:
		___flmul
		___xxtofl
 This function is called by:
		_main
 This function uses a non-reentrant model


 *************** function _dameHora *****************
 Defined at:
		line 123 in file "main.c"
 Parameters:    Size  Location     Type
  cadenaFragme    2  118[BANK0 ] PTR unsigned char 
		 -> main@cadenaFragmentada(65), 
  hora            2  120[BANK0 ] PTR unsigned char 
		 -> main@horaCompleta(9), 
 Auto vars:     Size  Location     Type
  i               2  134[BANK0 ] int 
  horaGMT         2  132[BANK0 ] short 
  unidadHora      2  128[BANK0 ] unsigned char [2]
  decenaHora      2  126[BANK0 ] unsigned char [2]
 Return value:  Size  Location     Type
                  1    wreg      void 
 Registers used:
		wreg, fsr1l, fsr1h, fsr2l, fsr2h, status,2, status,0, tblptrl, tblptrh, tblptru, prodl, prodh, cstack
 Tracked objects:
		On entry : 
		On exit  : 
		Unchanged: 
 Data sizes:     COMRAM   BANK0   BANK1   BANK2   BANK3   BANK4   BANK5   BANK6   BANK7
      Params:         0       4       0       0       0       0       0       0       0
      Locals:         0      10       0       0       0       0       0       0       0
      Temps:          0       4       0       0       0       0       0       0       0
      Totals:         0      18       0       0       0       0       0       0       0
Total ram usage:       18 bytes
 Hardware stack levels used:    1
 Hardware stack levels required when called:    8
 This function calls:
		___awdiv
		___awmod
		___wmul
		_sprintf
 This function is called by:
		_main
 This function uses a non-reentrant model


 *************** function _sprintf *****************
 Defined at:
		line 9 in file "/opt/microchip/xc8/v2.10/pic/sources/c99/common/nf_sprintf.c"
 Parameters:    Size  Location     Type
  s               2   88[BANK0 ] PTR unsigned char 
		 -> main@datoSalida(50), main@bufferFecha(20), main@buffer(20), dameHora@unidadHora(2), 
		 -> dameHora@decenaHora(2), mensajeEspera@buffer(20), 
  fmt             2   90[BANK0 ] PTR const unsigned char 
		 -> STR_13(22), STR_12(11), STR_10(15), STR_9(13), 
		 -> STR_8(11), STR_7(9), STR_6(11), STR_5(11), 
		 -> STR_4(3), STR_3(3), STR_1(15), 
 Auto vars:     Size  Location     Type
  f               6  112[BANK0 ] struct _IO_FILE
  ap              2  110[BANK0 ] PTR void [1]
		 -> ?_sprintf(2), 
  ret             2    0        int 
 Return value:  Size  Location     Type
                  2   88[BANK0 ] int 
 Registers used:
		wreg, fsr1l, fsr1h, fsr2l, fsr2h, status,2, status,0, tblptrl, tblptrh, tblptru, prodl, prodh, cstack
 Tracked objects:
		On entry : 
		On exit  : 
		Unchanged: 
 Data sizes:     COMRAM   BANK0   BANK1   BANK2   BANK3   BANK4   BANK5   BANK6   BANK7
[...]
 Hardware stack levels used:    1
 Hardware stack levels required when called:    1
 This function calls:
		___fladd
 This function is called by:
		_dameGrados
		_efgtoa
 This function uses a non-reentrant model


 *************** function ___fladd *****************
 Defined at:
		line 10 in file "/opt/microchip/xc8/v2.10/pic/sources/c99/common/sprcadd.c"
 Parameters:    Size  Location     Type
  b               4   50[COMRAM] long 
  a               4   54[COMRAM] long 
 Auto vars:     Size  Location     Type
  grs             1   65[COMRAM] unsigned char 
  bexp            1   64[COMRAM] unsigned char 
  aexp            1   63[COMRAM] unsigned char 
  signs           1   62[COMRAM] unsigned char 
 Return value:  Size  Location     Type
                  4   50[COMRAM] unsigned char 
 Registers used:
		wreg, status,2, status,0
 Tracked objects:
		On entry : 
		On exit  : 
		Unchanged: 
 Data sizes:     COMRAM   BANK0   BANK1   BANK2   BANK3   BANK4   BANK5   BANK6   BANK7
      Params:         8       0       0       0       0       0       0       0       0
      Locals:         4       0       0       0       0       0       0       0       0
      Temps:          4       0       0       0       0       0       0       0       0
      Totals:        16       0       0       0       0       0       0       0       0
Total ram usage:       16 bytes
 Hardware stack levels used:    1
 This function calls:
		Nothing
 This function is called by:
		_dameGrados
		_efgtoa
		___flsub
 This function uses a non-reentrant model


 *************** function _dameDato *****************
 Defined at:
		line 194 in file "main.c"
 Parameters:    Size  Location     Type
  cadenaFragme    2    0[COMRAM] PTR unsigned char 
		 -> main@cadenaFragmentada(65), 
  numComas        2    2[COMRAM] int 
  variable        2    4[COMRAM] PTR unsigned char 
		 -> main@longitud(13), main@latitud(13), main@fecha(9), 
 Auto vars:     Size  Location     Type
  i               2   13[COMRAM] int 
  j               2   11[COMRAM] int 
  comasContada    2    9[COMRAM] int 
 Return value:  Size  Location     Type
                  1    wreg      void 
 Registers used:
		wreg, fsr1l, fsr1h, fsr2l, fsr2h, status,2, status,0
 Tracked objects:
		On entry : 
		On exit  : 
		Unchanged: 
 Data sizes:     COMRAM   BANK0   BANK1   BANK2   BANK3   BANK4   BANK5   BANK6   BANK7
      Params:         6       0       0       0       0       0       0       0       0
      Locals:         6       0       0       0       0       0       0       0       0
      Temps:          3       0       0       0       0       0       0       0       0
      Totals:        15       0       0       0       0       0       0       0       0
Total ram usage:       15 bytes
 Hardware stack levels used:    1
 This function calls:
		Nothing
 This function is called by:
		_main
 This function uses a non-reentrant model


 *************** function _configurarAdc *****************
 Defined at:
		line 32 in file "main.c"
 Parameters:    Size  Location     Type
		None
 Auto vars:     Size  Location     Type
		None
 Return value:  Size  Location     Type
                  1    wreg      void 
 Registers used:
		wreg, status,2
 Tracked objects:
		On entry : 
		On exit  : 
		Unchanged: 
 Data sizes:     COMRAM   BANK0   BANK1   BANK2   BANK3   BANK4   BANK5   BANK6   BANK7
      Params:         0       0       0       0       0       0       0       0       0
      Locals:         0       0       0       0       0       0       0       0       0
      Temps:          0       0       0       0       0       0       0       0       0
      Totals:         0       0       0       0       0       0       0       0       0
Total ram usage:        0 bytes
 Hardware stack levels used:    1
 This function calls:
		Nothing
 This function is called by:
		_main
 This function uses a non-reentrant model


 *************** function _UART_printf *****************
 Defined at:
		line 39 in file "./UART.h"
 Parameters:    Size  Location     Type
  cadena          2    1[COMRAM] PTR unsigned char 
		 -> main@datoSalida(50), 
 Auto vars:     Size  Location     Type
		None
 Return value:  Size  Location     Type
                  1    wreg      void 
 Registers used:
		wreg, fsr2l, fsr2h, status,2, status,0, cstack
 Tracked objects:
		On entry : 
		On exit  : 
		Unchanged: 
 Data sizes:     COMRAM   BANK0   BANK1   BANK2   BANK3   BANK4   BANK5   BANK6   BANK7
      Params:         2       0       0       0       0       0       0       0       0
      Locals:         0       0       0       0       0       0       0       0       0
      Temps:          0       0       0       0       0       0       0       0       0
      Totals:         2       0       0       0       0       0       0       0       0
Total ram usage:        2 bytes
 Hardware stack levels used:    1
 Hardware stack levels required when called:    1
 This function calls:
		_UART_write
 This function is called by:
		_main
 This function uses a non-reentrant model


 *************** function _UART_write *****************
 Defined at:
		line 34 in file "./UART.h"
 Parameters:    Size  Location     Type
  dato            1    wreg     unsigned char 
 Auto vars:     Size  Location     Type
  dato            1    0[COMRAM] unsigned char 
 Return value:  Size  Location     Type
                  1    wreg      void 
 Registers used:
		wreg
 Tracked objects:
		On entry : 
		On exit  : 
		Unchanged: 
 Data sizes:     COMRAM   BANK0   BANK1   BANK2   BANK3   BANK4   BANK5   BANK6   BANK7
      Params:         0       0       0       0       0       0       0       0       0
      Locals:         1       0       0       0       0       0       0       0       0
      Temps:          0       0       0       0       0       0       0       0       0
      Totals:         1       0       0       0       0       0       0       0       0
Total ram usage:        1 bytes
 Hardware stack levels used:    1
 This function calls:
		Nothing
 This function is called by:
		_UART_printf
 This function uses a non-reentrant model


 *************** function _UART_init *****************
 Defined at:
		line 6 in file "./UART.h"
 Parameters:    Size  Location     Type
  BAUD            4   14[COMRAM] long 
 Auto vars:     Size  Location     Type
  frecuenciaCr    4    0        long 
 Return value:  Size  Location     Type
                  1    wreg      void 
 Registers used:
		wreg, status,2, status,0, cstack
 Tracked objects:
		On entry : 
		On exit  : 
		Unchanged: 
 Data sizes:     COMRAM   BANK0   BANK1   BANK2   BANK3   BANK4   BANK5   BANK6   BANK7
      Params:         4       0       0       0       0       0       0       0       0
      Locals:         8       0       0       0       0       0       0       0       0
      Temps:          0       0       0       0       0       0       0       0       0
      Totals:        12       0       0       0       0       0       0       0       0
Total ram usage:       12 bytes
 Hardware stack levels used:    1
 Hardware stack levels required when called:    1
 This function calls:
		___aldiv
 This function is called by:
		_main
 This function uses a non-reentrant model


 *************** function ___aldiv *****************
 Defined at:
		line 7 in file "/opt/microchip/xc8/v2.10/pic/sources/c99/common/aldiv.c"
 Parameters:    Size  Location     Type
  dividend        4    0[COMRAM] long 
  divisor         4    4[COMRAM] long 
 Auto vars:     Size  Location     Type
  quotient        4   10[COMRAM] long 
  sign            1    9[COMRAM] unsigned char 
  counter         1    8[COMRAM] unsigned char 
 Return value:  Size  Location     Type
                  4    0[COMRAM] long 
 Registers used:
		wreg, status,2, status,0
 Tracked objects:
		On entry : 
		On exit  : 
		Unchanged: 
 Data sizes:     COMRAM   BANK0   BANK1   BANK2   BANK3   BANK4   BANK5   BANK6   BANK7
      Params:         8       0       0       0       0       0       0       0       0
      Locals:         6       0       0       0       0       0       0       0       0
      Temps:          0       0       0       0       0       0       0       0       0
      Totals:        14       0       0       0       0       0       0       0       0
Total ram usage:       14 bytes
 Hardware stack levels used:    1
 This function calls:
		Nothing
 This function is called by:
		_UART_init
 This function uses a non-reentrant model


 *************** function _Lcd_Init *****************
 Defined at:
		line 66 in file "./lcd.h"
 Parameters:    Size  Location     Type
		None
 Auto vars:     Size  Location     Type
		None
 Return value:  Size  Location     Type
                  1    wreg      void 
 Registers used:
		wreg, status,2, cstack
 Tracked objects:
		On entry : 
		On exit  : 
		Unchanged: 
 Data sizes:     COMRAM   BANK0   BANK1   BANK2   BANK3   BANK4   BANK5   BANK6   BANK7
      Params:         0       0       0       0       0       0       0       0       0
      Locals:         0       0       0       0       0       0       0       0       0
      Temps:          1       0       0       0       0       0       0       0       0
      Totals:         1       0       0       0       0       0       0       0       0
Total ram usage:        1 bytes
 Hardware stack levels used:    1
 Hardware stack levels required when called:    2
 This function calls:
		_Lcd_Cmd
		_Lcd_Port
 This function is called by:
		_main
 This function uses a non-reentrant model


 *************** function _Lcd_Cmd *****************
 Defined at:
		line 30 in file "./lcd.h"
 Parameters:    Size  Location     Type
  a               1    wreg     unsigned char 
 Auto vars:     Size  Location     Type
  a               1    2[COMRAM] unsigned char 
 Return value:  Size  Location     Type
                  1    wreg      void 
 Registers used:
		wreg, status,2, cstack
 Tracked objects:
		On entry : 
		On exit  : 
		Unchanged: 
 Data sizes:     COMRAM   BANK0   BANK1   BANK2   BANK3   BANK4   BANK5   BANK6   BANK7
      Params:         0       0       0       0       0       0       0       0       0
      Locals:         1       0       0       0       0       0       0       0       0
      Temps:          1       0       0       0       0       0       0       0       0
      Totals:         2       0       0       0       0       0       0       0       0
Total ram usage:        2 bytes
 Hardware stack levels used:    1
 Hardware stack levels required when called:    1
 This function calls:
		_Lcd_Port
 This function is called by:
		_Lcd_Clear
		_Lcd_Set_Cursor
		_Lcd_Init
 This function uses a non-reentrant model


 *************** function _Lcd_Port *****************
 Defined at:
		line 8 in file "./lcd.h"
 Parameters:    Size  Location     Type
  a               1    wreg     unsigned char 
 Auto vars:     Size  Location     Type
  a               1    0[COMRAM] unsigned char 
 Return value:  Size  Location     Type
                  1    wreg      void 
 Registers used:
		wreg
 Tracked objects:
		On entry : 
		On exit  : 
		Unchanged: 
 Data sizes:     COMRAM   BANK0   BANK1   BANK2   BANK3   BANK4   BANK5   BANK6   BANK7
      Params:         0       0       0       0       0       0       0       0       0
      Locals:         1       0       0       0       0       0       0       0       0
      Temps:          0       0       0       0       0       0       0       0       0
      Totals:         1       0       0       0       0       0       0       0       0
Total ram usage:        1 bytes
 Hardware stack levels used:    1
 This function calls:
		Nothing
 This function is called by:
		_Lcd_Cmd
		_Lcd_Init
		_Lcd_Write_Char
 This function uses a non-reentrant model



MODULE INFORMATION

Module		Function		Class		Link	Load	Size
/opt/microchip/xc8/v2.10/pic/sources/c99/common/awmod.c
		___awmod       		CODE           	577E	0000	177

/opt/microchip/xc8/v2.10/pic/sources/c99/common/awmod.c estimated size: 177

/opt/microchip/xc8/v2.10/pic/sources/c99/common/putch.c
		_putch         		CODE           	62FE	0000	3

/opt/microchip/xc8/v2.10/pic/sources/c99/common/putch.c estimated size: 3

/opt/microchip/xc8/v2.10/pic/sources/c99/common/flge.c
		___flge        		CODE           	517E	0000	261

/opt/microchip/xc8/v2.10/pic/sources/c99/common/flge.c estimated size: 261

/opt/microchip/xc8/v2.10/pic/sources/c99/common/aomod.c
		___aomod       		CODE           	4CAA	0000	357

/opt/microchip/xc8/v2.10/pic/sources/c99/common/aomod.c estimated size: 357

/opt/microchip/xc8/v2.10/pic/sources/c99/common/Umul32.c
		___lmul        		CODE           	5BD0	0000	107

/opt/microchip/xc8/v2.10/pic/sources/c99/common/Umul32.c estimated size: 107

/opt/microchip/xc8/v2.10/pic/sources/c99/common/xxtofl.c
		___xxtofl      		CODE           	44CA	0000	437

/opt/microchip/xc8/v2.10/pic/sources/c99/common/xxtofl.c estimated size: 437

./lcd.h
		_Lcd_Write_String		CODE           	5A00	0000	127
		_Lcd_Init      		CODE           	5A7E	0000	115
		_Lcd_Write_Char		CODE           	6090	0000	57
		_Lcd_Cmd       		CODE           	627C	0000	33
		_Lcd_Set_Cursor		CODE           	5C3A	0000	103
		_Lcd_Clear     		CODE           	62F0	0000	15
		_Lcd_Port      		CODE           	5E78	0000	93

./lcd.h estimated size: 543

./UART.h
		_UART_init     		CODE           	5B60	0000	113
		_UART_printf   		CODE           	61DE	0000	49
		_EUSART1_Read  		CODE           	62CC	0000	21
		_UART_write    		CODE           	62B6	0000	23

./UART.h estimated size: 206

/opt/microchip/xc8/v2.10/pic/sources/c99/common/strlen.c
		_strlen        		CODE           	61A8	0000	55

/opt/microchip/xc8/v2.10/pic/sources/c99/common/strlen.c estimated size: 55

/opt/microchip/xc8/v2.10/pic/sources/c99/common/nf_fputs.c
		_fputs         		CODE           	600C	0000	69

/opt/microchip/xc8/v2.10/pic/sources/c99/common/nf_fputs.c estimated size: 69

/opt/microchip/xc8/v2.10/pic/sources/c99/common/floorf.c
		_floorf        		CODE           	42B8	0000	531

/opt/microchip/xc8/v2.10/pic/sources/c99/common/floorf.c estimated size: 531

/opt/microchip/xc8/v2.10/pic/sources/c99/common/strcpy.c
		_strcpy        		CODE           	5DC0	0000	93

/opt/microchip/xc8/v2.10/pic/sources/c99/common/strcpy.c estimated size: 93

/opt/microchip/xc8/v2.10/pic/sources/c99/common/isupper.c
		_isupper       		CODE           	60C8	0000	57

/opt/microchip/xc8/v2.10/pic/sources/c99/common/isupper.c estimated size: 57

/opt/microchip/xc8/v2.10/pic/sources/c99/common/nanf.c
		_nanf          		CODE           	625A	0000	35

/opt/microchip/xc8/v2.10/pic/sources/c99/common/nanf.c estimated size: 35

/opt/microchip/xc8/v2.10/pic/sources/c99/common/awdiv.c
		___awdiv       		CODE           	56BA	0000	197

/opt/microchip/xc8/v2.10/pic/sources/c99/common/awdiv.c estimated size: 197

/opt/microchip/xc8/v2.10/pic/sources/c99/common/fltol.c
		___fltol       		CODE           	5078	0000	263

/opt/microchip/xc8/v2.10/pic/sources/c99/common/fltol.c estimated size: 263

/opt/microchip/xc8/v2.10/pic/sources/c99/common/abs.c
		_abs           		CODE           	6050	0000	65

/opt/microchip/xc8/v2.10/pic/sources/c99/common/abs.c estimated size: 65

/opt/microchip/xc8/v2.10/pic/sources/c99/common/__fpclassifyf.c
		___fpclassifyf 		CODE           	5282	0000	255

/opt/microchip/xc8/v2.10/pic/sources/c99/common/__fpclassifyf.c estimated size: 255

/opt/microchip/xc8/v2.10/pic/sources/c99/common/aodiv.c
		___aodiv       		CODE           	499C	0000	393

/opt/microchip/xc8/v2.10/pic/sources/c99/common/aodiv.c estimated size: 393

/opt/microchip/xc8/v2.10/pic/sources/c99/common/islower.c
		_islower       		CODE           	6100	0000	57

/opt/microchip/xc8/v2.10/pic/sources/c99/common/islower.c estimated size: 57

/opt/microchip/xc8/v2.10/pic/sources/c99/common/sprcmul.c
		___flmul       		CODE           	3530	0000	1067

/opt/microchip/xc8/v2.10/pic/sources/c99/common/sprcmul.c estimated size: 1067

/opt/microchip/xc8/v2.10/pic/sources/c99/common/atoi.c
		_atoi          		CODE           	467E	0000	401

/opt/microchip/xc8/v2.10/pic/sources/c99/common/atoi.c estimated size: 401

/opt/microchip/xc8/v2.10/pic/sources/c99/common/nf_sprintf.c
		_sprintf       		CODE           	5ED4	0000	83

/opt/microchip/xc8/v2.10/pic/sources/c99/common/nf_sprintf.c estimated size: 83

/opt/microchip/xc8/v2.10/pic/sources/c99/common/fleq.c
		___fleq        		CODE           	582E	0000	171

/opt/microchip/xc8/v2.10/pic/sources/c99/common/fleq.c estimated size: 171

/opt/microchip/xc8/v2.10/pic/sources/c99/common/sprcdiv.c
		___fldiv       		CODE           	395A	0000	923

/opt/microchip/xc8/v2.10/pic/sources/c99/common/sprcdiv.c estimated size: 923

shared
		__initialization		CODE           	5F78	0000	69

shared estimated size: 69

/opt/microchip/xc8/v2.10/pic/sources/c99/common/toupper.c
		_toupper       		CODE           	5D62	0000	95

/opt/microchip/xc8/v2.10/pic/sources/c99/common/toupper.c estimated size: 95

/opt/microchip/xc8/v2.10/pic/sources/c99/common/strtof.c
		_atof          		CODE           	620E	0000	39
		_strtof        		CODE           	08B0	0000	4439

/opt/microchip/xc8/v2.10/pic/sources/c99/common/strtof.c estimated size: 4478

/opt/microchip/xc8/v2.10/pic/sources/c99/common/isspace.c
		_isspace       		CODE           	5F26	0000	83

/opt/microchip/xc8/v2.10/pic/sources/c99/common/isspace.c estimated size: 83

/opt/microchip/xc8/v2.10/pic/sources/c99/common/aldiv.c
		___aldiv       		CODE           	4F6C	0000	269

/opt/microchip/xc8/v2.10/pic/sources/c99/common/aldiv.c estimated size: 269

/opt/microchip/xc8/v2.10/pic/sources/c99/common/doprnt.c
		_vfpfcnvrt     		CODE           	25B6	0000	1567
		_efgtoa        		CODE           	1A06	0000	2993
		_pad           		CODE           	55F4	0000	199
		_ctoa          		CODE           	5E1C	0000	93
		_dtoa          		CODE           	3CF4	0000	741
		_vfprintf      		CODE           	5CA0	0000	99
		_stoa          		CODE           	4B24	0000	391

/opt/microchip/xc8/v2.10/pic/sources/c99/common/doprnt.c estimated size: 6083

/opt/microchip/xc8/v2.10/pic/sources/c99/common/strncmp.c
		_strncmp       		CODE           	5380	0000	215

/opt/microchip/xc8/v2.10/pic/sources/c99/common/strncmp.c estimated size: 215

/opt/microchip/xc8/v2.10/pic/sources/c99/common/tolower.c
		_tolower       		CODE           	5D02	0000	97

/opt/microchip/xc8/v2.10/pic/sources/c99/common/tolower.c estimated size: 97

/opt/microchip/xc8/v2.10/pic/sources/c99/common/flneg.c
		___flneg       		CODE           	6170	0000	57

/opt/microchip/xc8/v2.10/pic/sources/c99/common/flneg.c estimated size: 57

/opt/microchip/xc8/v2.10/pic/sources/c99/common/nf_fputc.c
		_fputc         		CODE           	552A	0000	203

/opt/microchip/xc8/v2.10/pic/sources/c99/common/nf_fputc.c estimated size: 203

/opt/microchip/xc8/v2.10/pic/sources/c99/common/Umul16.c
		___wmul        		CODE           	6234	0000	39

/opt/microchip/xc8/v2.10/pic/sources/c99/common/Umul16.c estimated size: 39

main.c
		_configurarAdc 		CODE           	62E0	0000	17
		_main          		CODE           	3094	0000	1181
		_dameTemperaturaLm35		CODE           	58D8	0000	161
		_leerGps       		CODE           	480E	0000	399
		_dameDato      		CODE           	5456	0000	213
		_dameHora      		CODE           	3FD8	0000	737
		_dameGrados    		CODE           	4E0E	0000	351
		_mensajeEspera 		CODE           	5978	0000	137

main.c estimated size: 3196

/opt/microchip/xc8/v2.10/pic/sources/c99/common/isxdigit.c
		_isxdigit      		CODE           	5AF0	0000	113

/opt/microchip/xc8/v2.10/pic/sources/c99/common/isxdigit.c estimated size: 113

/opt/microchip/xc8/v2.10/pic/sources/c99/common/isdigit.c
		_isdigit       		CODE           	6138	0000	57

/opt/microchip/xc8/v2.10/pic/sources/c99/common/isdigit.c estimated size: 57

/opt/microchip/xc8/v2.10/pic/sources/c99/common/sprcadd.c
		___flsub       		CODE           	5FC6	0000	71
		___fladd       		CODE           	2BD4	0000	1217

/opt/microchip/xc8/v2.10/pic/sources/c99/common/sprcadd.c estimated size: 1288

